[0m18:06:36.656501 [debug] [MainThread]: Sending event: {'category': 'dbt', 'action': 'invocation', 'label': 'start', 'context': [<snowplow_tracker.self_describing_json.SelfDescribingJson object at 0x000001CB4FF46660>, <snowplow_tracker.self_describing_json.SelfDescribingJson object at 0x000001CB4C8C1450>, <snowplow_tracker.self_describing_json.SelfDescribingJson object at 0x000001CB524379D0>]}


============================== 18:06:36.672126 | bab2292b-de20-4924-9584-1482d3694bf3 ==============================
[0m18:06:36.672126 [info ] [MainThread]: Running with dbt=1.12.5
[0m18:06:36.672947 [debug] [MainThread]: running dbt with arguments {'static_parser': 'True', 'no_print': 'None', 'maximum_seed_size_mib': '1', 'target_path': 'None', 'version_check': 'True', 'warn_error_options': 'WarnErrorOptionsV2(error=[], warn=[], silence=[])', 'printer_width': '80', 'write_json': 'True', 'introspect': 'True', 'log_cache_events': 'False', 'empty': 'None', 'cache_selected_only': 'False', 'fail_fast': 'False', 'debug': 'False', 'log_format': 'default', 'profiles_dir': 'C:\\Users\\pedro.silva\\.dbt', 'send_anonymous_usage_stats': 'True', 'quiet': 'False', 'warn_error': 'None', 'partial_parse': 'True', 'use_colors': 'True', 'hints_enabled': 'True', 'indirect_selection': 'eager', 'use_experimental_parser': 'False', 'invocation_command': 'dbt init', 'log_path': 'logs'}
[0m18:06:36.685615 [info ] [MainThread]: Creating dbt configuration folder at C:\Users\pedro.silva\.dbt
[0m18:06:48.826177 [debug] [MainThread]: Starter project path: C:\projetos\sqlserver-analytics-adventureworks\.venv\Lib\site-packages\dbt\include\starter_project
[0m18:06:48.850024 [info ] [MainThread]: Setting up your profile.
[0m18:08:25.043294 [info ] [MainThread]: Profile adventureworks_analytics written to C:\Users\pedro.silva\.dbt\profiles.yml using target's profile_template.yml and your supplied values.
[0m18:08:25.047417 [info ] [MainThread]: Running dbt debug to validate the project...
[0m18:08:25.049093 [info ] [MainThread]: dbt version: 1.12.5
[0m18:08:25.050205 [info ] [MainThread]: python version: 3.13.14
[0m18:08:25.051018 [info ] [MainThread]: python path: C:\projetos\sqlserver-analytics-adventureworks\.venv\Scripts\python.exe
[0m18:08:25.051836 [info ] [MainThread]: os info: Windows-11-10.0.26200-SP0
[0m18:08:25.085961 [info ] [MainThread]: Using profiles dir at C:\Users\pedro.silva\.dbt
[0m18:08:25.086789 [info ] [MainThread]: Using profiles.yml file at C:\Users\pedro.silva\.dbt\profiles.yml
[0m18:08:25.087526 [info ] [MainThread]: Using dbt_project.yml file at C:\projetos\sqlserver-analytics-adventureworks\sqlserver_project\adventureworks_analytics\dbt_project.yml
[0m18:08:25.088207 [info ] [MainThread]: adapter type: sqlserver
[0m18:08:25.088850 [info ] [MainThread]: adapter version: 1.12.0
[0m18:08:25.170919 [info ] [MainThread]: Configuration:
[0m18:08:25.171936 [info ] [MainThread]:   profiles.yml file [[32mOK found and valid[0m]
[0m18:08:25.172809 [info ] [MainThread]:   dbt_project.yml file [[32mOK found and valid[0m]
[0m18:08:25.173352 [info ] [MainThread]: Required dependencies:
[0m18:08:25.173791 [debug] [MainThread]: Executing "git --help"
[0m18:08:25.262711 [debug] [MainThread]: STDOUT: "b"usage: git [-v | --version] [-h | --help] [-C <path>] [-c <name>=<value>]\n           [--exec-path[=<path>]] [--html-path] [--man-path] [--info-path]\n           [-p | --paginate | -P | --no-pager] [--no-replace-objects] [--no-lazy-fetch]\n           [--no-optional-locks] [--no-advice] [--bare] [--git-dir=<path>]\n           [--work-tree=<path>] [--namespace=<name>] [--config-env=<name>=<envvar>]\n           <command> [<args>]\n\nThese are common Git commands used in various situations:\n\nstart a working area (see also: git help tutorial)\n   clone      Clone a repository into a new directory\n   init       Create an empty Git repository or reinitialize an existing one\n\nwork on the current change (see also: git help everyday)\n   add        Add file contents to the index\n   mv         Move or rename a file, a directory, or a symlink\n   restore    Restore working tree files\n   rm         Remove files from the working tree and from the index\n\nexamine the history and state (see also: git help revisions)\n   bisect     Use binary search to find the commit that introduced a bug\n   diff       Show changes between commits, commit and working tree, etc\n   grep       Print lines matching a pattern\n   log        Show commit logs\n   show       Show various types of objects\n   status     Show the working tree status\n\ngrow, mark and tweak your common history\n   backfill   Download missing objects in a partial clone\n   branch     List, create, or delete branches\n   commit     Record changes to the repository\n   history    EXPERIMENTAL: Rewrite history\n   merge      Join two or more development histories together\n   rebase     Reapply commits on top of another base tip\n   reset      Set `HEAD` or the index to a known state\n   switch     Switch branches\n   tag        Create, list, delete or verify tags\n\ncollaborate (see also: git help workflows)\n   fetch      Download objects and refs from another repository\n   pull       Fetch from and integrate with another repository or a local branch\n   push       Update remote refs along with associated objects\n\n'git help -a' and 'git help -g' list available subcommands and some\nconcept guides. See 'git help <command>' or 'git help <concept>'\nto read about a specific subcommand or concept.\nSee 'git help git' for an overview of the system.\n""
[0m18:08:25.263170 [debug] [MainThread]: STDERR: "b''"
[0m18:08:25.263456 [info ] [MainThread]:  - git [[32mOK found[0m]

[0m18:08:25.263885 [info ] [MainThread]: Connection:
[0m18:08:25.264385 [info ] [MainThread]:   driver: None
[0m18:08:25.264859 [info ] [MainThread]:   server: usr_pedro
[0m18:08:25.265262 [info ] [MainThread]:   port: 1433
[0m18:08:25.265620 [info ] [MainThread]:   database: adventureworks_dw
[0m18:08:25.265969 [info ] [MainThread]:   schema: None
[0m18:08:25.266468 [info ] [MainThread]:   UID: usr_pedro
[0m18:08:25.266822 [info ] [MainThread]:   authentication: sql
[0m18:08:25.267157 [info ] [MainThread]:   windows_login: False
[0m18:08:25.267479 [info ] [MainThread]:   retries: 3
[0m18:08:25.267805 [info ] [MainThread]:   login_timeout: 0
[0m18:08:25.268132 [info ] [MainThread]:   query_timeout: 0
[0m18:08:25.268451 [info ] [MainThread]:   trace_flag: False
[0m18:08:25.268778 [info ] [MainThread]:   encrypt: True
[0m18:08:25.269028 [info ] [MainThread]:   trust_cert: False
[0m18:08:25.269355 [info ] [MainThread]:   backend: pyodbc
[0m18:08:25.269744 [info ] [MainThread]:   xact_abort: True
[0m18:08:25.270303 [info ] [MainThread]: Registered adapter: sqlserver=1.12.0
[0m18:08:25.471087 [debug] [MainThread]: Acquiring new sqlserver connection 'debug'
[0m18:08:25.471393 [debug] [MainThread]: Using sqlserver connection "debug"
[0m18:08:25.471572 [debug] [MainThread]: On debug: select 1 as id
[0m18:08:25.471722 [debug] [MainThread]: Opening a new connection, currently in state init
[0m18:08:25.471925 [debug] [MainThread]: sqlserver adapter: SQL execution raised DbtRuntimeError: Runtime Error
  The `schema` profile field is required for SQL Server connections.
[0m18:08:25.472094 [debug] [MainThread]: sqlserver adapter: Error running SQL: select 1 as id
[0m18:08:25.472252 [debug] [MainThread]: sqlserver adapter: Rolling back transaction.
[0m18:08:25.472422 [info ] [MainThread]:   Connection test: [[31mERROR[0m]

[0m18:08:25.473170 [info ] [MainThread]: [31m1 check failed:[0m
[0m18:08:25.473645 [info ] [MainThread]: dbt was unable to connect to the specified database.
The database returned the following error:

  >Runtime Error
  The `schema` profile field is required for SQL Server connections.

Check your database credentials and try again. For more information, visit:
https://docs.getdbt.com/docs/configure-your-profile


[0m18:08:25.474230 [info ] [MainThread]: Your new dbt project "adventureworks_analytics" was created!
Initialized new project in C:\projetos\sqlserver-analytics-adventureworks\sqlserver_project\adventureworks_analytics\adventureworks_analytics

For more information on how to configure the profiles.yml file,
please consult the dbt documentation here:

  https://docs.getdbt.com/docs/configure-your-profile

One more thing:

Need help? Don't hesitate to reach out to us via GitHub issues or on Slack:

  https://community.getdbt.com/

Happy modeling!

[0m18:08:25.474782 [info ] [MainThread]: [31mYour profile may need adjustments. You can find the logs of `dbt debug` above[0m
[0m18:08:25.475703 [debug] [MainThread]: Command `dbt init` succeeded at 18:08:25.475606 after 109.18 seconds
[0m18:08:25.475915 [debug] [MainThread]: Connection 'debug' was properly closed.
[0m18:08:25.476115 [debug] [MainThread]: Sending event: {'category': 'dbt', 'action': 'invocation', 'label': 'end', 'context': [<snowplow_tracker.self_describing_json.SelfDescribingJson object at 0x000001CB5296CD60>, <snowplow_tracker.self_describing_json.SelfDescribingJson object at 0x000001CB523060F0>, <snowplow_tracker.self_describing_json.SelfDescribingJson object at 0x000001CB529CA580>]}
[0m18:08:25.476403 [debug] [MainThread]: Flushing usage events
[0m18:08:26.534980 [debug] [MainThread]: An error was encountered while trying to flush usage events
[0m18:34:42.657631 [debug] [MainThread]: Sending event: {'category': 'dbt', 'action': 'invocation', 'label': 'start', 'context': [<snowplow_tracker.self_describing_json.SelfDescribingJson object at 0x0000018A9E746660>, <snowplow_tracker.self_describing_json.SelfDescribingJson object at 0x0000018A9B0C1450>, <snowplow_tracker.self_describing_json.SelfDescribingJson object at 0x0000018AA0C339D0>]}


============================== 18:34:42.666065 | c292aea4-21e5-405a-ab6e-9e233ff05e9b ==============================
[0m18:34:42.666065 [info ] [MainThread]: Running with dbt=1.12.5
[0m18:34:42.667410 [debug] [MainThread]: running dbt with arguments {'version_check': 'True', 'no_print': 'None', 'static_parser': 'True', 'warn_error_options': 'WarnErrorOptionsV2(error=[], warn=[], silence=[])', 'target_path': 'None', 'maximum_seed_size_mib': '1', 'printer_width': '80', 'write_json': 'True', 'introspect': 'True', 'log_cache_events': 'False', 'empty': 'None', 'cache_selected_only': 'False', 'fail_fast': 'False', 'debug': 'False', 'log_format': 'default', 'partial_parse': 'True', 'send_anonymous_usage_stats': 'True', 'quiet': 'False', 'warn_error': 'None', 'profiles_dir': 'C:\\Users\\pedro.silva\\.dbt', 'invocation_command': 'dbt init', 'hints_enabled': 'True', 'indirect_selection': 'eager', 'use_experimental_parser': 'False', 'use_colors': 'True', 'log_path': 'logs'}
[0m19:31:39.576263 [debug] [MainThread]: Starter project path: C:\projetos\sqlserver-analytics-adventureworks\.venv\Lib\site-packages\dbt\include\starter_project
[0m19:31:39.601422 [info ] [MainThread]: Setting up your profile.
[0m19:33:19.267108 [info ] [MainThread]: Profile adventureworks_analytics written to C:\Users\pedro.silva\.dbt\profiles.yml using target's profile_template.yml and your supplied values.
[0m19:33:19.271171 [info ] [MainThread]: Running dbt debug to validate the project...
[0m19:33:19.272279 [info ] [MainThread]: dbt version: 1.12.5
[0m19:33:19.272824 [info ] [MainThread]: python version: 3.13.14
[0m19:33:19.273361 [info ] [MainThread]: python path: C:\projetos\sqlserver-analytics-adventureworks\.venv\Scripts\python.exe
[0m19:33:19.273838 [info ] [MainThread]: os info: Windows-11-10.0.26200-SP0
[0m19:33:19.308820 [info ] [MainThread]: Using profiles dir at C:\Users\pedro.silva\.dbt
[0m19:33:19.309632 [info ] [MainThread]: Using profiles.yml file at C:\Users\pedro.silva\.dbt\profiles.yml
[0m19:33:19.310326 [info ] [MainThread]: Using dbt_project.yml file at C:\projetos\sqlserver-analytics-adventureworks\sqlserver_project\adventureworks_analytics\dbt_project.yml
[0m19:33:19.310875 [info ] [MainThread]: adapter type: sqlserver
[0m19:33:19.311319 [info ] [MainThread]: adapter version: 1.12.0
[0m19:33:19.394791 [info ] [MainThread]: Configuration:
[0m19:33:19.395657 [info ] [MainThread]:   profiles.yml file [[32mOK found and valid[0m]
[0m19:33:19.396279 [info ] [MainThread]:   dbt_project.yml file [[32mOK found and valid[0m]
[0m19:33:19.396869 [info ] [MainThread]: Required dependencies:
[0m19:33:19.397454 [debug] [MainThread]: Executing "git --help"
[0m19:33:19.485787 [debug] [MainThread]: STDOUT: "b"usage: git [-v | --version] [-h | --help] [-C <path>] [-c <name>=<value>]\n           [--exec-path[=<path>]] [--html-path] [--man-path] [--info-path]\n           [-p | --paginate | -P | --no-pager] [--no-replace-objects] [--no-lazy-fetch]\n           [--no-optional-locks] [--no-advice] [--bare] [--git-dir=<path>]\n           [--work-tree=<path>] [--namespace=<name>] [--config-env=<name>=<envvar>]\n           <command> [<args>]\n\nThese are common Git commands used in various situations:\n\nstart a working area (see also: git help tutorial)\n   clone      Clone a repository into a new directory\n   init       Create an empty Git repository or reinitialize an existing one\n\nwork on the current change (see also: git help everyday)\n   add        Add file contents to the index\n   mv         Move or rename a file, a directory, or a symlink\n   restore    Restore working tree files\n   rm         Remove files from the working tree and from the index\n\nexamine the history and state (see also: git help revisions)\n   bisect     Use binary search to find the commit that introduced a bug\n   diff       Show changes between commits, commit and working tree, etc\n   grep       Print lines matching a pattern\n   log        Show commit logs\n   show       Show various types of objects\n   status     Show the working tree status\n\ngrow, mark and tweak your common history\n   backfill   Download missing objects in a partial clone\n   branch     List, create, or delete branches\n   commit     Record changes to the repository\n   history    EXPERIMENTAL: Rewrite history\n   merge      Join two or more development histories together\n   rebase     Reapply commits on top of another base tip\n   reset      Set `HEAD` or the index to a known state\n   switch     Switch branches\n   tag        Create, list, delete or verify tags\n\ncollaborate (see also: git help workflows)\n   fetch      Download objects and refs from another repository\n   pull       Fetch from and integrate with another repository or a local branch\n   push       Update remote refs along with associated objects\n\n'git help -a' and 'git help -g' list available subcommands and some\nconcept guides. See 'git help <command>' or 'git help <concept>'\nto read about a specific subcommand or concept.\nSee 'git help git' for an overview of the system.\n""
[0m19:33:19.486169 [debug] [MainThread]: STDERR: "b''"
[0m19:33:19.486383 [info ] [MainThread]:  - git [[32mOK found[0m]

[0m19:33:19.486815 [info ] [MainThread]: Connection:
[0m19:33:19.487405 [info ] [MainThread]:   driver: None
[0m19:33:19.487697 [info ] [MainThread]:   server: 192.168.0.222
[0m19:33:19.488100 [info ] [MainThread]:   port: 1433
[0m19:33:19.488443 [info ] [MainThread]:   database: AdventureWorks_DW
[0m19:33:19.488659 [info ] [MainThread]:   schema: None
[0m19:33:19.488860 [info ] [MainThread]:   UID: usr_pedro
[0m19:33:19.489198 [info ] [MainThread]:   authentication: sql
[0m19:33:19.489580 [info ] [MainThread]:   windows_login: False
[0m19:33:19.490128 [info ] [MainThread]:   retries: 3
[0m19:33:19.490511 [info ] [MainThread]:   login_timeout: 0
[0m19:33:19.490905 [info ] [MainThread]:   query_timeout: 0
[0m19:33:19.491240 [info ] [MainThread]:   trace_flag: False
[0m19:33:19.491610 [info ] [MainThread]:   encrypt: True
[0m19:33:19.491948 [info ] [MainThread]:   trust_cert: False
[0m19:33:19.492208 [info ] [MainThread]:   backend: pyodbc
[0m19:33:19.492515 [info ] [MainThread]:   xact_abort: True
[0m19:33:19.493093 [info ] [MainThread]: Registered adapter: sqlserver=1.12.0
[0m19:33:19.702859 [debug] [MainThread]: Acquiring new sqlserver connection 'debug'
[0m19:33:19.703255 [debug] [MainThread]: Using sqlserver connection "debug"
[0m19:33:19.703503 [debug] [MainThread]: On debug: select 1 as id
[0m19:33:19.703701 [debug] [MainThread]: Opening a new connection, currently in state init
[0m19:33:19.703952 [debug] [MainThread]: sqlserver adapter: SQL execution raised DbtRuntimeError: Runtime Error
  The `schema` profile field is required for SQL Server connections.
[0m19:33:19.704126 [debug] [MainThread]: sqlserver adapter: Error running SQL: select 1 as id
[0m19:33:19.704287 [debug] [MainThread]: sqlserver adapter: Rolling back transaction.
[0m19:33:19.704513 [info ] [MainThread]:   Connection test: [[31mERROR[0m]

[0m19:33:19.705238 [info ] [MainThread]: [31m1 check failed:[0m
[0m19:33:19.705566 [info ] [MainThread]: dbt was unable to connect to the specified database.
The database returned the following error:

  >Runtime Error
  The `schema` profile field is required for SQL Server connections.

Check your database credentials and try again. For more information, visit:
https://docs.getdbt.com/docs/configure-your-profile


[0m19:33:19.705875 [info ] [MainThread]: Your new dbt project "adventureworks_analytics" was created!
Initialized new project in C:\projetos\sqlserver-analytics-adventureworks\sqlserver_project\adventureworks_analytics\adventureworks_analytics

For more information on how to configure the profiles.yml file,
please consult the dbt documentation here:

  https://docs.getdbt.com/docs/configure-your-profile

One more thing:

Need help? Don't hesitate to reach out to us via GitHub issues or on Slack:

  https://community.getdbt.com/

Happy modeling!

[0m19:33:19.706289 [info ] [MainThread]: [31mYour profile may need adjustments. You can find the logs of `dbt debug` above[0m
[0m19:33:19.707363 [debug] [MainThread]: Command `dbt init` succeeded at 19:33:19.707242 after 3517.24 seconds
[0m19:33:19.707726 [debug] [MainThread]: Connection 'debug' was properly closed.
[0m19:33:19.708119 [debug] [MainThread]: Sending event: {'category': 'dbt', 'action': 'invocation', 'label': 'end', 'context': [<snowplow_tracker.self_describing_json.SelfDescribingJson object at 0x0000018AA2170D60>, <snowplow_tracker.self_describing_json.SelfDescribingJson object at 0x0000018AA0B060F0>, <snowplow_tracker.self_describing_json.SelfDescribingJson object at 0x0000018AA21CA580>]}
[0m19:33:19.708486 [debug] [MainThread]: Flushing usage events
[0m19:33:20.502405 [debug] [MainThread]: An error was encountered while trying to flush usage events
[0m12:15:49.482174 [debug] [MainThread]: Sending event: {'category': 'dbt', 'action': 'invocation', 'label': 'start', 'context': [<snowplow_tracker.self_describing_json.SelfDescribingJson object at 0x00000246BD826660>, <snowplow_tracker.self_describing_json.SelfDescribingJson object at 0x00000246BFCB3ED0>, <snowplow_tracker.self_describing_json.SelfDescribingJson object at 0x00000246BFCB3B10>]}


============================== 12:15:49.486347 | 576c15aa-da4e-4255-84a5-96aedcf9a226 ==============================
[0m12:15:49.486347 [info ] [MainThread]: Running with dbt=1.12.5
[0m12:15:49.486873 [debug] [MainThread]: running dbt with arguments {'static_parser': 'True', 'no_print': 'None', 'maximum_seed_size_mib': '1', 'warn_error_options': 'WarnErrorOptionsV2(error=[], warn=[], silence=[])', 'target_path': 'None', 'version_check': 'True', 'printer_width': '80', 'write_json': 'True', 'empty': 'False', 'log_cache_events': 'False', 'introspect': 'True', 'cache_selected_only': 'False', 'fail_fast': 'False', 'debug': 'False', 'log_format': 'default', 'profiles_dir': '.', 'send_anonymous_usage_stats': 'True', 'quiet': 'False', 'warn_error': 'None', 'partial_parse': 'True', 'indirect_selection': 'eager', 'hints_enabled': 'True', 'use_colors': 'True', 'use_experimental_parser': 'False', 'invocation_command': 'dbt compile --select scratch --profiles-dir .', 'log_path': 'logs'}
[0m12:15:49.487342 [error] [MainThread]: [[31mERROR[0m]: Encountered an error:
Runtime Error
  No dbt_project.yml found at expected path C:\projetos\sqlserver-analytics-adventureworks\sqlserver_project\dbt_project.yml
  Verify that each entry within packages.yml (and their transitive dependencies) contains a file named dbt_project.yml
  
[0m12:15:49.488168 [debug] [MainThread]: Command `dbt compile` failed at 12:15:49.488073 after 0.15 seconds
[0m12:15:49.488457 [debug] [MainThread]: Sending event: {'category': 'dbt', 'action': 'invocation', 'label': 'end', 'context': [<snowplow_tracker.self_describing_json.SelfDescribingJson object at 0x00000246BFCCE190>, <snowplow_tracker.self_describing_json.SelfDescribingJson object at 0x00000246BFC66210>, <snowplow_tracker.self_describing_json.SelfDescribingJson object at 0x00000246BFCBFF00>]}
[0m12:15:49.488706 [debug] [MainThread]: Flushing usage events
[0m12:15:50.227838 [debug] [MainThread]: An error was encountered while trying to flush usage events
